// Jest Snapshot v1, https://goo.gl/fbAQLP

exports[`Button renders the button 1`] = `
<div>
  <button
    class="MuiButtonBase-root MuiButton-root MuiButton-contained MuiButton-containedPrimary MuiButton-sizeMedium MuiButton-containedSizeMedium MuiButton-root MuiButton-contained MuiButton-containedPrimary MuiButton-sizeMedium MuiButton-containedSizeMedium css-1wwchiu-MuiButtonBase-root-MuiButton-root-button"
    tabindex="0"
    type="button"
  >
    Click me
    <span
      class="MuiTouchRipple-root css-8je8zh-MuiTouchRipple-root"
    />
  </button>
</div>
`;
